
> lab-of-system-techs@1.0.0 test
> node tests.js

TEST #0: 50 random numbers
Input:  150,46,168,144,195,48,126,219,52,122,6,21,162,182,291,53,154,276,215,201,47,252,35,250,194,191,98,140,230,16,122,230,25,2,46,166,220,142,95,176,243,24,280,238,197,203,124,101,195,192
Output:  1v1,k,-1,p1,92,m,X1,X2,q,T1,6,L,*1,>1,C3,r,z1,/2,T2,F2,l,%2,Z,#2,82,52,51,l1,i2,G,T1,i2,P,2,k,+1,Y2,n1,21,|1,v2,O,13,q2,B2,H2,V1,81,92,62
Coeff:  1.33

TEST #1: 100 random numbers
Input:  240,110,15,117,73,73,61,77,173,127,50,90,23,118,236,119,124,32,65,90,31,85,30,153,252,68,190,88,10,281,12,101,19,18,16,240,95,55,299,115,262,280,177,203,199,96,185,232,8,37,116,186,165,245,217,72,236,78,124,177,164,181,267,131,189,136,157,54,85,91,181,93,162,91,205,282,196,125,69,253,60,124,95,150,122,289,266,218,192,124,116,86,60,226,154,103,129,45,155,239
Output:  1s2,H1,F,O1,+,+,z,},;1,Y1,o,/,N,P1,o2,Q1,V1,W,$,/,V,`,U,y1,%2,&,42,<,A,23,C,81,J,I,G,s2,21,t,K3,M1,{2,13,.1,H2,D2,31,'1,k2,8,b,N1,02,_1,x2,V2,_,o2,[,V1,.1,)1,<1,:2,c1,32,h1,#1,s,`,\,<1,01,*1,\,J2,33,A2,W1,*,^2,y,V1,21,v1,T1,A3,;2,W2,62,V1,N1,~,y,e2,z1,A1,a1,j,!1,r2
Coeff:  1.35

TEST #2: 500 random numbers
Input:  155,278,299,29,112,244,58,241,204,140,142,10,205,14,193,129,212,158,191,142,149,123,270,57,34,93,81,187,41,154,235,184,196,32,106,84,280,6,26,250,122,142,46,283,0,3,168,263,91,265,164,279,120,79,196,47,251,49,180,278,160,163,162,297,153,203,194,239,59,117,167,139,148,212,284,229,112,202,215,72,66,70,70,257,71,281,209,237,270,168,258,201,236,137,128,107,91,165,30,128,45,42,240,50,39,136,103,234,26,260,174,135,24,19,184,83,292,183,265,131,175,181,18,130,171,186,159,295,43,148,158,203,91,83,6,9,62,241,105,269,102,41,36,131,195,231,248,35,203,151,184,259,21,250,96,144,292,178,283,112,138,33,70,223,71,6,209,145,227,235,154,68,73,64,288,32,57,189,255,28,168,110,294,2,86,245,108,140,294,232,73,266,124,196,249,102,39,14,142,152,180,105,279,36,239,153,242,35,42,94,227,51,141,266,194,85,219,112,72,158,115,206,47,35,67,57,147,22,6,227,240,130,148,248,32,1,246,247,5,199,108,283,81,178,22,297,128,80,202,5,281,150,160,185,195,130,3,32,296,183,169,273,112,223,156,255,209,25,215,90,65,249,282,279,135,261,252,191,169,201,68,268,10,8,1,58,202,142,87,221,231,91,191,273,56,204,142,203,231,71,242,214,33,238,262,192,48,241,84,60,6,285,138,16,106,127,169,112,269,26,48,70,86,251,240,80,173,137,18,71,192,242,94,216,201,54,270,225,145,180,224,193,102,115,258,106,240,34,197,61,75,154,77,278,53,136,172,88,189,214,78,107,188,151,222,227,272,148,44,10,257,40,33,97,4,86,37,237,179,252,42,75,108,108,265,198,193,49,233,11,290,60,41,249,244,220,186,29,42,181,15,52,31,244,270,300,49,275,85,269,192,81,113,173,224,25,8,288,195,118,143,252,111,46,249,227,243,36,290,248,246,186,84,261,246,152,193,80,67,79,284,289,158,206,293,89,144,70,52,184,256,55,101,175,165,224,192,243,78,140,37,5,7,233,193,177,184,216,60,125,132,162,72,121,86,192,187,213,62,255,41,110,168,216,76,54,118,217,161,285,100,170,240,196,31,219,25,289,54,71
Output:  01,2,1,2,1,3,5,1,2,1,3,1,,,2,1,1,,2,1,,1,2,,1,3,3,,1,2,1,2,4,3,2,3,3,2,,2,1,4,4,1,1,1,2,2,2,3,1,1,2,1,3,1,1,3,2,1,3,1,2,,1,1,1,2,2,,5,5,3,2,,2,1,1,2,2,3,3,,2,3,2,4,1,1,1,1,4,,1,2,,1,1,,,1,1,3,1,,2,3,2,4,,2,1,6,1,,2,,1,2,,1,1,1,1,1,1,,1,3,1,3,2,1,,,2,2,2,2,1,3,1,6,1,2,2,,1,4,1,1,2,2,2,3,1,1,,4,1,2,1,2,1,1,2,,1,4,3,1,1,1,2,1,2,,1,2,1,3,2,,2,5,1,3,2,1,2,,3,5,5,2,3,4,1,1,1,,3,3,4,2,1,2,,,3,,,2,1,2,2,3,1,,2,1,1,1,2,3,1,,5,,1,,3,1,2,1,2,1,2,1,2,5,3,3,2,3,1,3,1,3,4,2,2,3,,,3,1,2,2,1,1,2,1,1,,3,2,,1,3,4,,1,2,,1,,,3,3,1,2,1,3,2,2,,,2,2,2,,2,1,2,1,1,2,,1,1
Coeff:  3.28

TEST #3: 1000 random numbers
Input:  177,43,205,227,194,248,39,162,273,164,136,76,166,16,122,205,180,102,158,25,122,34,126,39,39,166,25,143,201,266,281,137,202,104,29,182,165,2,236,228,47,24,243,104,12,170,152,64,100,195,50,56,10,265,154,222,81,198,283,260,180,287,192,184,291,52,10,167,230,85,49,19,291,170,223,264,42,13,75,47,108,281,251,207,49,292,77,195,39,13,44,109,162,197,78,29,86,158,124,66,184,257,47,71,152,150,281,274,166,116,129,136,144,86,216,62,149,31,205,282,176,265,106,281,51,207,237,124,122,262,42,182,238,167,157,83,266,262,164,291,281,227,145,219,130,59,178,132,226,122,257,20,99,212,157,1,120,228,85,127,296,86,112,168,226,272,192,293,165,9,288,133,262,50,56,61,58,161,43,254,55,269,25,216,100,276,180,209,278,247,291,239,93,134,237,67,293,153,52,78,63,265,209,136,256,297,209,276,53,59,149,285,70,114,174,28,12,283,30,105,257,158,262,297,159,42,230,83,226,191,263,11,231,15,283,20,88,262,94,6,18,195,87,116,240,232,20,300,193,136,168,110,112,165,62,188,184,174,285,54,206,135,7,298,172,252,291,273,141,39,107,267,82,149,33,198,186,38,218,102,202,24,110,181,288,174,275,1,102,9,199,70,143,159,283,208,108,145,19,261,241,5,258,150,238,90,106,207,268,217,47,59,181,300,102,186,28,277,214,287,39,95,6,256,43,271,83,41,259,52,32,272,16,187,14,235,170,210,19,242,170,271,294,58,14,45,209,172,266,68,216,46,144,26,115,42,91,290,155,263,132,77,63,116,35,3,154,256,71,205,272,242,203,197,281,13,162,61,252,299,210,211,8,258,1,237,243,126,181,75,146,33,16,31,92,221,166,231,278,222,228,199,129,75,193,258,177,150,111,34,286,7,82,266,216,255,45,12,54,148,174,130,276,64,255,137,126,6,138,193,271,113,78,203,117,217,241,84,203,196,295,227,207,253,157,169,150,19,38,20,277,9,55,30,90,116,189,175,115,138,217,268,6,160,189,99,172,241,282,23,82,61,16,56,86,131,33,74,116,95,220,243,92,255,213,8,152,51,222,199,10,217,31,82,17,108,160,57,233,66,148,91,136,182,223,86,203,11,6,295,233,241,264,182,116,91,53,268,299,156,211,18,45,94,196,216,286,53,175,129,122,32,213,60,98,170,295,119,86,87,76,46,53,80,82,13,226,295,41,85,13,176,208,30,180,277,139,93,251,286,97,298,154,27,226,52,298,165,15,7,41,239,238,5,152,150,189,66,283,67,24,166,78,15,240,58,178,69,280,52,4,227,46,236,87,44,273,121,154,172,86,207,271,104,199,152,281,186,180,172,224,177,101,243,64,94,71,34,115,5,4,286,22,89,146,98,193,6,91,161,165,143,281,108,215,105,77,33,154,130,247,14,187,173,148,140,86,219,122,159,92,256,107,244,148,131,181,35,62,66,22,296,163,89,17,147,185,255,291,297,40,231,133,173,286,261,37,29,232,289,17,241,39,72,192,146,289,277,111,71,34,243,35,23,199,61,204,145,246,210,261,287,72,205,230,267,224,74,167,279,55,56,113,244,78,193,116,34,275,101,97,118,273,207,53,17,123,120,30,58,20,174,128,102,239,155,91,266,239,243,63,151,257,251,22,267,163,55,283,127,134,36,68,49,19,75,45,256,252,51,252,44,10,53,5,216,215,80,212,37,225,153,145,14,243,98,85,70,127,267,63,79,203,146,198,68,114,229,284,185,83,53,257,27,26,78,253,161,154,167,100,47,220,177,74,94,223,285,59,10,50,197,288,248,181,162,105,162,299,17,44,62,229,259,262,52,271,194,74,45,128,218,297,54,112,263,113,276,155,299,40,147,243,52,191,248,241,199,266,63,177,46,111,237,285,280,33,205,92,253,33,201,180,86,106,167,291,168,143,92,177,105,169,189,161,225,256,90,213,73,230,175,162,208,181,15,65,158,18,135,34,203,136,12,54,190,149,284,15,74,16,111,175,174,92,240,112,20,231,104,88,41,211,87,39,78,251,113,245,176,125,106,117,121,59,177,74,169,41,239,161,114,130,156,143,192,77,183,295,160,255,233,151,102,63,278,57,78,60,58,200,81,14,31,214,8,172,171,210,250,98,18,28,71,260,55,257,199,13,62,173,102,282,66,108,255,119,81,96,73,289,87,9,83,25,239,281,211,79,238,16,121,6,161,272,133,153,226,66,229
Output:  0,3,1,1,2,4,7,3,3,4,5,2,4,6,5,5,6,5,4,5,6,,3,2,3,4,2,2,3,3,4,4,2,6,6,3,1,2,2,8,2,5,4,3,4,5,4,5,,3,3,3,7,7,4,5,4,2,5,5,2,4,5,6,3,1,6,2,3,1,3,5,2,2,6,4,2,4,8,2,2,3,5,5,1,4,9,5,2,2,3,5,6,2,4,2,1,2,4,2,3,2,7,,4,4,4,2,5,1,2,4,4,4,3,3,7,2,1,2,2,3,6,1,2,1,3,3,2,3,4,2,2,3,2,2,6,2,2,1,1,1,,5,2,4,4,2,4,4,5,2,5,3,6,3,2,3,4,3,3,6,6,2,2,5,5,5,3,3,5,1,6,3,6,4,3,7,2,,6,6,4,1,3,2,3,2,1,4,1,2,4,5,2,3,2,3,3,7,1,2,2,6,1,6,1,6,3,4,4,4,2,3,2,2,6,4,2,2,2,1,3,3,2,2,6,4,3,3,4,4,2,3,,1,2,4,4,6,3,6,2,8,2,1,1,2,3,,1,4,4,3,1,6,6,6,3,2,2,3,6,3,2,3,6,4,3,1,,5,4,4,1,2,4,4,3,1,2,9,3,6,2,4,5,3,3,3,1,7,1,2,1,5,2,4,3,4,2
Coeff:  6.09

TEST #4: 1000 random single digit numbers
Input:  2,3,1,6,6,5,4,1,2,8,9,5,1,1,1,4,1,9,5,4,7,7,5,5,2,2,3,8,3,9,5,1,7,6,7,7,2,6,2,8,4,7,6,2,3,7,7,2,4,8,2,1,5,7,8,8,6,7,1,2,8,5,8,7,8,6,7,3,4,2,7,6,2,4,9,5,4,4,4,2,8,2,9,7,6,7,1,4,8,5,5,7,9,2,2,5,4,4,3,3,2,3,7,9,7,4,4,4,3,8,6,2,1,1,8,5,8,9,6,9,6,6,4,1,6,8,9,4,7,7,8,2,5,2,7,5,8,9,8,3,4,9,1,6,5,9,4,5,9,6,3,6,5,8,1,2,3,2,0,0,8,6,3,1,6,6,0,7,2,8,0,5,7,0,4,5,2,3,6,1,5,3,5,8,6,1,8,4,5,4,9,1,7,0,1,6,2,2,7,3,1,3,4,1,6,7,3,3,1,5,7,6,6,8,6,9,4,5,1,1,7,3,2,7,2,8,8,9,1,5,5,8,4,3,9,2,7,3,2,4,2,8,3,3,7,5,7,6,1,3,6,1,2,3,2,2,1,5,1,4,3,7,5,7,7,2,8,4,0,2,1,6,7,7,4,5,5,2,3,8,5,1,7,2,6,5,7,8,3,4,6,7,6,3,4,8,9,7,9,3,6,7,4,2,5,3,6,3,5,3,1,6,5,2,6,8,1,0,7,0,3,1,8,5,5,3,1,4,1,3,3,3,2,7,0,4,0,7,7,6,2,3,1,8,1,4,0,2,7,6,3,5,0,6,1,7,3,7,2,8,0,2,5,7,7,7,6,5,9,6,4,1,3,8,5,8,3,4,2,8,5,1,1,5,2,6,7,4,3,3,7,7,6,6,6,8,2,8,6,9,8,4,1,8,5,8,4,3,6,2,1,7,4,3,6,7,5,6,1,0,4,4,8,6,8,0,3,5,5,1,6,1,0,8,2,8,0,3,5,7,6,6,3,1,2,1,0,9,2,2,2,2,3,6,3,3,4,2,1,7,2,7,0,2,8,4,6,7,6,1,7,5,3,5,0,6,9,5,0,4,8,5,1,9,5,6,4,8,5,9,8,3,2,8,3,5,5,2,3,7,5,1,8,3,4,0,8,3,4,4,4,2,1,4,5,4,4,0,2,6,3,7,0,3,7,2,9,0,2,0,3,9,7,3,1,4,0,1,6,3,1,7,7,7,6,1,5,3,7,4,3,3,3,6,5,2,3,7,8,1,3,2,1,4,5,5,2,2,1,3,4,6,6,6,3,1,8,5,6,8,4,1,6,8,6,7,4,2,6,1,3,7,5,1,8,8,8,1,4,1,2,6,0,1,6,1,7,8,6,3,4,1,3,2,2,6,9,2,2,0,2,5,9,1,5,1,2,5,4,7,7,8,2,3,8,4,6,9,7,7,3,6,8,9,0,1,2,4,1,4,5,2,5,8,8,8,3,7,4,6,5,7,4,5,7,1,8,6,0,1,0,5,6,3,1,8,5,7,4,0,1,1,1,2,6,4,1,2,6,6,7,2,0,3,7,9,8,3,2,3,3,5,6,3,3,6,8,8,6,3,1,8,5,9,7,4,5,7,7,5,2,3,6,4,7,7,2,3,1,3,8,2,4,8,4,7,6,7,3,8,1,7,5,3,9,2,6,8,0,3,4,5,8,6,0,8,7,7,1,7,5,3,3,9,2,5,7,6,2,8,4,4,5,8,5,4,2,4,3,4,4,8,3,1,7,6,6,8,7,5,9,2,7,3,9,5,6,8,6,3,1,3,6,3,2,5,6,0,0,9,2,1,4,6,7,2,1,8,6,3,6,0,8,4,3,7,7,8,0,5,3,8,1,5,1,2,1,2,3,8,3,2,6,3,5,1,6,4,8,4,5,1,1,5,3,6,1,2,8,5,4,0,1,4,4,5,1,7,5,8,7,3,4,5,2,9,0,6,6,1,3,5,1,5,1,8,2,7,2,8,9,7,4,1,1,1,7,4,4,3,1,7,0,1,4,1,1,1,3,2,9,2,8,3,5,5,4,8,0,7,2,8,1,3,5,7,5,1,3,5,4,4,5,8,1,0,4,5,7,5,5,6,0,6,9,9,1,7,4,0,8,2,7,0,1,6,1,1,4,5,5,1,1,4,1,8,7,5,5,4,2,6,0,7,2,4,9,7,5,5,2,1,6,1,8,1,6,4,9,5,0,6,1,1,8,1,7,3,2,7
Output:  051,126,109,116,104,115,111,118,104,46
Coeff:  52.61

TEST #5: 1000 random two-digit numbers
Input:  67,59,21,18,46,79,24,78,73,34,90,61,96,72,58,19,88,37,56,61,32,61,65,25,50,90,64,76,54,73,27,32,63,33,42,65,13,19,60,30,34,18,17,58,34,42,78,22,78,87,54,62,17,66,52,51,64,31,40,24,25,34,56,18,76,46,29,80,92,47,41,85,59,43,39,12,58,29,41,45,27,83,39,55,74,39,11,15,19,65,27,54,37,34,72,61,73,18,29,21,89,58,61,44,52,87,27,76,16,20,97,78,46,80,19,73,80,78,75,56,16,56,41,50,39,55,14,38,28,98,40,66,38,63,89,95,21,94,94,38,25,41,62,33,75,63,89,44,72,22,25,74,61,28,21,29,73,93,16,33,56,96,75,80,22,51,49,22,50,23,62,52,84,79,79,78,87,93,41,82,76,87,72,77,90,17,60,39,34,78,44,41,92,31,77,56,72,39,25,58,65,27,16,66,33,49,24,98,17,92,38,68,40,69,54,54,17,34,24,37,98,43,95,29,94,35,75,61,90,89,36,93,93,58,96,58,97,75,15,94,75,97,94,44,54,42,88,67,75,43,12,79,89,95,23,43,12,57,18,21,28,36,12,80,42,25,47,84,21,26,29,99,37,17,60,40,14,66,22,75,35,70,65,94,68,81,53,94,35,15,32,47,46,30,76,34,49,83,48,90,89,55,25,12,57,92,93,16,25,78,50,45,94,83,13,50,85,47,57,80,18,35,90,41,19,54,32,52,24,28,17,43,12,14,39,33,94,76,10,31,90,56,80,45,46,36,99,63,54,96,65,42,58,87,79,66,86,72,93,47,49,67,71,87,37,63,80,77,37,40,39,64,60,46,31,82,89,46,81,52,57,15,73,81,68,25,80,43,46,95,58,92,35,77,30,87,55,74,33,23,76,11,42,87,19,79,30,80,44,56,92,12,76,23,96,84,81,82,45,75,87,95,68,56,98,78,11,22,17,70,85,14,23,12,51,86,54,77,30,94,49,43,86,75,92,13,53,35,99,24,81,44,40,34,43,27,64,11,73,13,59,18,20,79,38,75,63,31,60,73,25,94,94,15,38,65,36,36,76,39,48,77,27,21,21,25,23,59,54,14,75,59,26,69,74,74,40,17,56,61,62,53,16,96,36,93,50,34,65,47,96,11,84,58,91,14,30,58,28,85,94,34,76,24,57,56,25,71,21,59,32,71,19,94,77,28,95,79,79,84,20,64,45,56,75,38,91,54,72,11,49,18,56,51,29,40,49,31,90,24,61,20,57,88,74,20,94,45,74,40,92,34,63,55,63,46,38,14,72,25,50,52,67,56,65,93,85,77,36,90,32,19,51,70,58,18,62,57,77,41,35,41,82,45,43,23,18,70,81,29,16,14,13,45,50,84,60,81,68,11,95,57,76,98,33,21,45,71,72,18,82,46,83,86,49,17,87,40,62,38,48,15,63,45,65,97,74,83,90,66,79,83,25,36,31,61,80,29,55,60,22,46,66,82,46,59,27,68,35,39,13,85,50,49,52,16,75,98,53,84,93,30,35,28,67,40,97,24,78,89,80,17,47,44,90,34,29,74,82,70,24,98,48,81,64,69,32,45,78,19,55,59,90,74,37,47,38,20,90,69,84,11,98,74,28,26,46,93,97,72,99,42,93,42,89,92,55,89,75,84,18,64,60,80,78,35,52,58,40,61,26,96,25,37,61,24,18,81,74,68,66,36,27,45,13,80,61,56,87,77,97,82,15,72,67,19,94,72,51,83,10,81,62,93,93,69,87,80,85,57,38,90,73,46,86,82,55,78,34,65,86,89,87,44,35,79,44,60,11,75,90,72,17,60,19,38,98,38,88,60,26,59,60,97,37,60,95,37,76,57,75,68,81,33,64,58,28,38,21,40,51,23,54,56,44,50,43,31,31,56,11,75,69,60,55,79,80,54,29,36,39,17,60,65,94,21,85,83,30,88,68,31,98,73,34,91,53,37,71,13,97,98,43,71,65,95,72,70,81,84,76,43,19,95,92,10,32,12,15,23,56,98,48,96,88,14,37,68,28,55,97,88,43,61,66,20,54,64,58,39,77,77,91,36,55,23,13,28,39,21,79,86,60,72,26,98,23,32,18,34,36,80,93,72,81,57,47,21,42,84,34,55,35,34,45,54,46,16,19,70,66,79,62,91,51,53,93,77,69,87,36,35,76,82,97,89,45,76,45,98,79,76,32,92,87,69,86,78,30,69,98,91,65,63,90,75,65,67,35,94
Output:  0,,,,,,,,,,3,10,9,9,9,8,9,13,14,13,7,14,7,11,11,15,6,9,11,11,9,10,10,8,18,14,13,12,14,13,13,9,9,13,10,15,15,9,5,9,10,8,8,6,15,13,18,11,15,9,16,14,8,10,9,15,10,7,10,9,7,6,16,10,12,19,16,13,14,15,17,13,10,8,11,8,8,15,7,12,16,6,11,15,18,10,9,11,15,4
Coeff:  12.19

TEST #6: 1000 random three-digit numbers
Input:  173,111,142,188,129,181,124,114,215,203,193,178,187,154,163,137,163,128,222,245,184,121,213,158,185,266,176,169,170,249,178,296,226,264,167,200,225,192,251,179,118,259,175,288,275,102,298,134,138,283,104,228,262,158,187,152,216,115,275,199,184,142,164,121,249,179,120,288,246,248,278,210,219,201,135,131,267,143,189,274,178,106,208,246,140,116,206,154,283,245,121,181,186,236,258,117,143,256,259,278,232,206,254,279,265,236,184,212,117,257,162,239,288,135,294,144,277,113,255,160,294,300,247,224,284,299,188,208,271,260,224,266,137,274,143,188,232,217,274,135,202,234,285,206,205,201,158,112,119,205,149,132,227,275,188,279,260,202,198,189,207,274,244,191,245,159,283,104,120,206,101,253,144,253,210,298,190,204,245,112,143,165,165,213,200,238,223,183,168,278,283,287,249,175,196,200,154,126,129,255,111,231,119,191,123,264,299,275,168,180,196,286,282,164,275,124,275,172,268,297,193,179,229,166,295,155,161,239,170,199,190,190,148,277,208,110,116,203,271,152,253,229,196,176,244,236,106,122,267,177,234,284,122,228,151,130,251,132,135,147,295,289,236,130,283,208,266,147,220,272,206,180,174,152,204,293,259,118,172,218,247,243,252,186,241,193,167,240,218,289,237,228,151,105,183,283,127,259,293,246,210,233,138,236,230,271,106,122,113,218,124,240,184,172,121,149,259,232,195,166,261,133,128,222,243,206,224,206,196,238,270,290,221,187,229,274,250,159,160,267,156,161,110,269,127,111,256,225,128,124,221,200,120,104,187,217,231,258,161,150,183,123,282,172,153,133,126,154,118,225,120,164,122,116,168,190,105,165,253,192,243,102,173,267,151,185,263,131,283,136,261,111,223,221,216,295,209,237,100,137,198,134,274,291,257,219,249,167,198,146,148,123,204,159,285,145,258,258,285,232,268,129,223,190,266,122,281,229,204,244,143,207,274,162,178,143,195,265,163,191,166,205,146,133,271,233,225,173,101,212,248,202,180,260,285,140,181,213,101,246,281,134,140,181,164,221,146,260,222,248,238,197,126,139,175,216,244,276,159,250,232,212,172,174,131,136,118,181,115,126,190,178,240,157,148,252,283,220,162,254,244,158,235,231,171,101,168,142,171,178,251,127,283,125,205,117,253,245,280,254,123,287,275,262,130,293,178,160,113,217,251,113,209,299,208,260,180,118,182,110,241,264,127,222,180,287,257,225,230,188,128,194,163,201,179,285,168,223,278,182,103,200,209,216,101,223,156,154,230,160,117,254,139,234,169,222,249,276,263,109,153,252,238,137,174,190,222,193,153,283,117,139,206,112,170,252,208,156,240,132,292,215,149,286,218,297,262,263,122,143,123,224,291,127,297,157,152,292,193,118,241,183,168,281,216,114,261,151,134,172,108,264,169,257,182,197,151,247,268,208,198,209,154,282,197,165,194,132,143,114,257,245,174,223,141,131,158,291,260,227,104,193,167,233,202,104,231,120,204,157,285,240,221,195,170,157,145,254,251,281,219,142,168,252,248,281,288,232,179,206,161,154,285,245,131,131,107,214,283,182,252,290,119,255,256,168,140,275,232,117,273,247,210,277,113,216,183,192,243,106,112,220,257,262,212,242,226,101,261,126,218,178,234,108,104,216,191,266,207,288,289,167,126,162,139,222,281,203,200,262,237,189,124,286,207,209,113,147,269,128,164,138,297,115,254,229,205,182,141,209,173,216,123,193,123,261,104,209,211,104,296,132,105,263,257,199,117,151,160,247,185,168,209,287,181,234,170,276,119,237,129,109,136,134,261,198,107,272,252,110,100,206,291,156,261,201,165,182,286,274,232,114,232,214,149,144,204,210,255,139,139,282,268,166,278,128,209,105,253,299,103,195,264,251,186,183,109,197,291,195,185,219,250,296,118,256,284,156,292,191,115,249,105,195,162,103,156,240,210,186,209,167,253,135,257,275,129,125,142,236,124,151,293,141,155,232,265,145,157,186,165,211,163,239,209,273,127,277,277,142,168,261,169,282,142,168,164,229,191,289,109,242,214,279,226,103,201,294,249,226,236,155,271,288,232,126,253,251,163,130,220,159,278,213,104,166,169,221,164,163,146,213,287,298,106,182,187,271,188,142,189,218,250,281,219,254,220,221,138,172,292,122,204,182,187,154,243,223,219,140,204,181,226,218,106,148,162,133,224,124,193,252,293,222,264,271,108,229,233,217,228,110,115,158,176,199,268,135,281,131
Output:  0,,,,,,,,,,,,,,,,,,,,,,,,,,,,,,,,,,,,,,,,,,,,,,,,,,,,,,,,,,,,,,,,,,,,,,,,,,,,,,,,,,,,,,,,,,,,,,,,,,,,2,6,2,4,9,5,6,2,3,4,5,4,4,6,4,5,3,7,7,4,5,4,7,7,7,2,7,6,6,5,4,7,5,4,5,6,3,4,4,6,5,3,8,8,3,3,4,3,4,4,1,7,4,3,8,3,6,5,6,5,5,4,6,7,7,6,5,6,11,5,5,2,7,4,4,3,3,1,8,5,5,7,8,6,4,4,5,6,6,4,7,6,3,8,2,6,4,4,5,4,6,5,4,3,8,5,10,4,7,11,6,2,4,5,3,2,8,4,7,6,5,7,8,7,5,5,5,2,4,7,3,4,11,4,5,1,7,4,4,3,6,3,2,5,5,7,4,5,4,7,4,7,8,8,7,4,4,8,4,5,6,8,5,4,6,3,5,4,5,2,1,7,2,2,8,9,3,5,6,3,1,8,5,11,3,7,4,5,6,4,2,5,4,5,3,3,3,4,3,4,1
Coeff:  7.89

TEST #7: all numbers appearing three times
Input:  1,1,1,2,2,2,3,3,3,4,4,4,5,5,5,6,6,6,7,7,7,8,8,8,9,9,9,10,10,10,11,11,11,12,12,12,13,13,13,14,14,14,15,15,15,16,16,16,17,17,17,18,18,18,19,19,19,20,20,20,21,21,21,22,22,22,23,23,23,24,24,24,25,25,25,26,26,26,27,27,27,28,28,28,29,29,29,30,30,30,31,31,31,32,32,32,33,33,33,34,34,34,35,35,35,36,36,36,37,37,37,38,38,38,39,39,39,40,40,40,41,41,41,42,42,42,43,43,43,44,44,44,45,45,45,46,46,46,47,47,47,48,48,48,49,49,49,50,50,50,51,51,51,52,52,52,53,53,53,54,54,54,55,55,55,56,56,56,57,57,57,58,58,58,59,59,59,60,60,60,61,61,61,62,62,62,63,63,63,64,64,64,65,65,65,66,66,66,67,67,67,68,68,68,69,69,69,70,70,70,71,71,71,72,72,72,73,73,73,74,74,74,75,75,75,76,76,76,77,77,77,78,78,78,79,79,79,80,80,80,81,81,81,82,82,82,83,83,83,84,84,84,85,85,85,86,86,86,87,87,87,88,88,88,89,89,89,90,90,90,91,91,91,92,92,92,93,93,93,94,94,94,95,95,95,96,96,96,97,97,97,98,98,98,99,99,99,100,100,100,101,101,101,102,102,102,103,103,103,104,104,104,105,105,105,106,106,106,107,107,107,108,108,108,109,109,109,110,110,110,111,111,111,112,112,112,113,113,113,114,114,114,115,115,115,116,116,116,117,117,117,118,118,118,119,119,119,120,120,120,121,121,121,122,122,122,123,123,123,124,124,124,125,125,125,126,126,126,127,127,127,128,128,128,129,129,129,130,130,130,131,131,131,132,132,132,133,133,133,134,134,134,135,135,135,136,136,136,137,137,137,138,138,138,139,139,139,140,140,140,141,141,141,142,142,142,143,143,143,144,144,144,145,145,145,146,146,146,147,147,147,148,148,148,149,149,149,150,150,150,151,151,151,152,152,152,153,153,153,154,154,154,155,155,155,156,156,156,157,157,157,158,158,158,159,159,159,160,160,160,161,161,161,162,162,162,163,163,163,164,164,164,165,165,165,166,166,166,167,167,167,168,168,168,169,169,169,170,170,170,171,171,171,172,172,172,173,173,173,174,174,174,175,175,175,176,176,176,177,177,177,178,178,178,179,179,179,180,180,180,181,181,181,182,182,182,183,183,183,184,184,184,185,185,185,186,186,186,187,187,187,188,188,188,189,189,189,190,190,190,191,191,191,192,192,192,193,193,193,194,194,194,195,195,195,196,196,196,197,197,197,198,198,198,199,199,199,200,200,200,201,201,201,202,202,202,203,203,203,204,204,204,205,205,205,206,206,206,207,207,207,208,208,208,209,209,209,210,210,210,211,211,211,212,212,212,213,213,213,214,214,214,215,215,215,216,216,216,217,217,217,218,218,218,219,219,219,220,220,220,221,221,221,222,222,222,223,223,223,224,224,224,225,225,225,226,226,226,227,227,227,228,228,228,229,229,229,230,230,230,231,231,231,232,232,232,233,233,233,234,234,234,235,235,235,236,236,236,237,237,237,238,238,238,239,239,239,240,240,240,241,241,241,242,242,242,243,243,243,244,244,244,245,245,245,246,246,246,247,247,247,248,248,248,249,249,249,250,250,250,251,251,251,252,252,252,253,253,253,254,254,254,255,255,255,256,256,256,257,257,257,258,258,258,259,259,259,260,260,260,261,261,261,262,262,262,263,263,263,264,264,264,265,265,265,266,266,266,267,267,267,268,268,268,269,269,269,270,270,270,271,271,271,272,272,272,273,273,273,274,274,274,275,275,275,276,276,276,277,277,277,278,278,278,279,279,279,280,280,280,281,281,281,282,282,282,283,283,283,284,284,284,285,285,285,286,286,286,287,287,287,288,288,288,289,289,289,290,290,290,291,291,291,292,292,292,293,293,293,294,294,294,295,295,295,296,296,296,297,297,297,298,298,298,299,299,299,300,300,300
Output:  0,3,3,3,3,3,3,3,3,3,3,3,3,3,3,3,3,3,3,3,3,3,3,3,3,3,3,3,3,3,3,3,3,3,3,3,3,3,3,3,3,3,3,3,3,3,3,3,3,3,3,3,3,3,3,3,3,3,3,3,3,3,3,3,3,3,3,3,3,3,3,3,3,3,3,3,3,3,3,3,3,3,3,3,3,3,3,3,3,3,3,3,3,3,3,3,3,3,3,3,3,3,3,3,3,3,3,3,3,3,3,3,3,3,3,3,3,3,3,3,3,3,3,3,3,3,3,3,3,3,3,3,3,3,3,3,3,3,3,3,3,3,3,3,3,3,3,3,3,3,3,3,3,3,3,3,3,3,3,3,3,3,3,3,3,3,3,3,3,3,3,3,3,3,3,3,3,3,3,3,3,3,3,3,3,3,3,3,3,3,3,3,3,3,3,3,3,3,3,3,3,3,3,3,3,3,3,3,3,3,3,3,3,3,3,3,3,3,3,3,3,3,3,3,3,3,3,3,3,3,3,3,3,3,3,3,3,3,3,3,3,3,3,3,3,3,3,3,3,3,3,3,3,3,3,3,3,3,3,3,3,3,3,3,3,3,3,3,3,3,3,3,3,3,3,3,3,3,3,3,3,3,3,3,3,3,3,3,3,3,3,3,3,3,3,3,3,3,3,3,3
Coeff:  5.45

